// Jest Snapshot v1, https://goo.gl/fbAQLP

exports[`<NavBarContent /> should match snapshot 1`] = `
.c0 {
  max-width: 1200px;
  margin: 0 auto;
  display: -webkit-box;
  display: -webkit-flex;
  display: -ms-flexbox;
  display: flex;
  -webkit-box-pack: justify;
  -webkit-justify-content: space-between;
  -ms-flex-pack: justify;
  justify-content: space-between;
  -webkit-align-items: center;
  -webkit-box-align: center;
  -ms-flex-align: center;
  align-items: center;
}

<div
  className="c0"
/>
`;
